py : INFO ESPHome 2025.12.7
In Zeile:1 Zeichen:1
+ py -3.13 -m esphome compile 
espslaveNTC.yaml > build_output.txt 2>&1
+ ~~~~~~~~~~~~~~~~~~~~~~~~~~~~~~~~~~~~~~~~
~~~~~~~~~~~~~~~~~~~~~~~~~~~~
    + CategoryInfo          : NotSpecifie 
   d: (INFO ESPHome 2025.12.7:String) []  
  , RemoteException
    + FullyQualifiedErrorId : NativeComma 
   ndError
 
INFO Reading configuration 
espslaveNTC.yaml...
INFO Generating C++ source...
INFO Setting CONFIG_LWIP_MAX_SOCKETS to 
11 (registered: api=4, captive_portal=4, 
mdns=2, ota=1)
INFO Compiling app... Build path: C:\Users
\thomas.engeroff\Documents\ESPHome-Projekt
e\ESPHome-Wohnraumlueftung\.esphome\build\
espslaventc
Processing espslaventc (board: esp32-c6-devkitc-1; framework: espidf; platform: https://github.com/pioarduino/platform-espressif32/releases/download/55.03.31-2/platform-espressif32.zip)

--------------------------------------------------------------------------------

HARDWARE: ESP32C6 160MHz, 320KB RAM, 4MB Flash

 - contrib-piohome @ 3.4.4 

 - framework-espidf @ 3.50501.0 (5.5.1) 

 - tool-cmake @ 4.0.3 

 - tool-esp-rom-elfs @ 2024.10.11 

 - tool-esptoolpy @ 5.1.0 

 - tool-mklittlefs @ 3.2.0 

 - tool-ninja @ 1.13.1 

 - tool-scons @ 4.40801.0 (4.8.1) 

 - toolchain-riscv32-esp @ 14.2.0+20241119

Reading CMake configuration...

Dependency Graph

|-- noise-c @ 0.1.10

Compiling .pioenvs\espslaventc\src\main.cpp.o

In file included from src/esphome/componen
ts/pulse_counter/pulse_counter_sensor.h:10
,

                 from src/esphome\componen
ts\pulse_counter\automation.h:5,

                 from src/esphome.h:79,

                 from src/main.cpp:3:

C:/Users/thomas.engeroff/.platformio/packa
ges/framework-espidf/components/driver/dep
recated/driver/pcnt.h:15:2: warning: 
#warning "legacy pcnt driver is 
deprecated, please migrate to use 
driver/pulse_cnt.h" [-Wcpp]

   15 | #warning "legacy pcnt driver is 
deprecated, please migrate to use 
driver/pulse_cnt.h"

      |  ^~~~~~~
Linking .pioenvs\espslaventc\firmware.elf

Firmware metrics can not be shown. Set the terminal codepage to "utf-8"

RAM:   [=         ]  11.9% (used 39032 bytes from 327680 bytes)

Flash: [======    ]  61.7% (used 1133036 bytes from 1835008 bytes)
Building .pioenvs\espslaventc\firmware.bin

Creating ESP32C6 image...

Successfully created ESP32C6 image.

merge_factory_bin([".pioenvs\espslaventc\firmware.bin"], [".pioenvs\espslaventc\firmware.elf"])

Info: bootloader.bin not found - skipping

Info: partition-table.bin not found - skipping

Info: ota_data_initial.bin not found - skipping

Info: espslaventc.bin not found - skipping

Using FLASH_EXTRA_IMAGES from PlatformIO environment

Merging binaries into C:\Users\thomas.engeroff\Documents\ESPHome-Projekte\ESPHome-Wohnraumlueftung\.esphome\build\espslaventc\.pioenvs\espslaventc\firmware.factory.bin

Merging binaries with esptool

SHA digest in image updated.

Wrote 0x124b80 bytes to file 'C:\Users\thomas.engeroff\Documents\ESPHome-Projekte\ESPHome-Wohnraumlueftung\.esphome\build\espslaventc\.pioenvs\espslaventc\firmware.factory.bin', ready to flash to offset 0x0.

Successfully created C:\Users\thomas.engeroff\Documents\ESPHome-Projekte\ESPHome-Wohnraumlueftung\.esphome\build\espslaventc\.pioenvs\espslaventc\firmware.factory.bin

esp32_copy_ota_bin([".pioenvs\espslaventc\firmware.bin"], [".pioenvs\espslaventc\firmware.elf"])

Copied firmware to C:\Users\thomas.engeroff\Documents\ESPHome-Projekte\ESPHome-Wohnraumlueftung\.esphome\build\espslaventc\.pioenvs\espslaventc/firmware.ota.bin

========================= [SUCCESS] Took 40.92 seconds =========================

INFO Successfully compiled program.
