py : INFO ESPHome 2025.12.7
In Zeile:1 Zeichen:1
+ py -3.13 -m esphome compile 
esp_wohnraumlueftung.yaml > build_error.l 
...
+ ~~~~~~~~~~~~~~~~~~~~~~~~~~~~~~~~~~~~~~~~
~~~~~~~~~~~~~~~~~~~~~~~~~~~~~
    + CategoryInfo          : NotSpecifie 
   d: (INFO ESPHome 2025.12.7:String) []  
  , RemoteException
    + FullyQualifiedErrorId : NativeComma 
   ndError
 
INFO Reading configuration 
esp_wohnraumlueftung.yaml...
INFO Detected timezone 'Europe/Berlin'
INFO Detected timezone 'Europe/Berlin'
INFO Generating C++ source...
INFO Compiling app... Build path: C:\Users
\thomas.engeroff\Documents\ESPHome-Projekt
e\ESPHome-Wohnraumlueftung\.esphome\build\
esptest
Processing esptest (board: esp32-c6-devkitc-1; framework: espidf; platform: https://github.com/pioarduino/platform-espressif32/releases/download/55.03.31-2/platform-espressif32.zip)

--------------------------------------------------------------------------------

HARDWARE: ESP32C6 160MHz, 320KB RAM, 4MB Flash

 - contrib-piohome @ 3.4.4 

 - framework-espidf @ 3.50501.0 (5.5.1) 

 - tool-cmake @ 4.0.3 

 - tool-esp-rom-elfs @ 2024.10.11 

 - tool-esptoolpy @ 5.1.0 

 - tool-mklittlefs @ 3.2.0 

 - tool-ninja @ 1.13.1 

 - tool-scons @ 4.40801.0 (4.8.1) 

 - toolchain-riscv32-esp @ 14.2.0+20241119

Reading CMake configuration...

Dependency Graph

|-- noise-c @ 0.1.10

|-- ArduinoJson @ 7.4.2

Compiling .pioenvs\esptest\src\main.cpp.o

In file included from src/esphome/componen
ts/pulse_counter/pulse_counter_sensor.h:10
,

                 from src/esphome\componen
ts\pulse_counter\automation.h:5,

                 from src/esphome.h:110,

                 from src/main.cpp:3:

C:/Users/thomas.engeroff/.platformio/packa
ges/framework-espidf/components/driver/dep
recated/driver/pcnt.h:15:2: warning: 
#warning "legacy pcnt driver is 
deprecated, please migrate to use 
driver/pulse_cnt.h" [-Wcpp]

   15 | #warning "legacy pcnt driver is 
deprecated, please migrate to use 
driver/pulse_cnt.h"

      |  ^~~~~~~
In file included from src/main.cpp:311:

src/automation_helpers.h:24:10: fatal 
error: esphome/components/homeassistant/bi
nary_sensor/homeassistant_binary_sensor.h:
 No such file or directory

   24 | #include "esphome/components/homea
ssistant/binary_sensor/homeassistant_binar
y_sensor.h"

      |          ^~~~~~~~~~~~~~~~~~~~~~~~~
~~~~~~~~~~~~~~~~~~~~~~~~~~~~~~~~~~~~~~~~~~
~~~~~~~~~~~
compilation terminated.

*** [.pioenvs\esptest\src\main.cpp.o] 
Error 1

========================= [FAILED] Took 
50.17 seconds =========================

